---
http_interactions:
- request:
    method: get
    uri: http://localhost:5000/api/v1/users/110920554030325122207/ferns/2
    body:
      encoding: US-ASCII
      string: ''
    headers:
      Fern-Key:
      - "<FERN_KEY>"
      User-Agent:
      - Faraday v2.7.4
      Accept-Encoding:
      - gzip;q=1.0,deflate;q=0.6,identity;q=0.3
      Accept:
      - "*/*"
  response:
    status:
      code: 200
      message: OK
    headers:
      Content-Type:
      - application/json; charset=utf-8
      Etag:
      - W/"eb7be8b421afb930cf0ac48ad8811ddc"
      Cache-Control:
      - max-age=0, private, must-revalidate
      X-Request-Id:
      - 2faee049-c0d8-4fa2-8528-3b4c83169117
      X-Runtime:
      - '0.005444'
      Transfer-Encoding:
      - chunked
    body:
      encoding: UTF-8
      string: '{"data":{"id":"2","type":"fern","attributes":{"name":"Brian","health":2,"preferred_contact_method":"phone"},"relationships":{"shelf":{"data":{"id":"2","type":"shelf"}},"user":{"data":{"id":"1","type":"user"}},"interactions":{"data":[]}}},"included":[{"id":"1","type":"user","attributes":{"name":"Samuel
        Cox","email":"samc1253@gmail.com","google_id":"110920554030325122207"}}]}'
  recorded_at: Sun, 19 Mar 2023 19:01:55 GMT
- request:
    method: get
    uri: http://localhost:5000/api/v1/users/110920554030325122207/ferns/2
    body:
      encoding: US-ASCII
      string: ''
    headers:
      Fern-Key:
      - "<FERN_KEY>"
      User-Agent:
      - Faraday v2.7.4
      Accept-Encoding:
      - gzip;q=1.0,deflate;q=0.6,identity;q=0.3
      Accept:
      - "*/*"
  response:
    status:
      code: 200
      message: OK
    headers:
      Content-Type:
      - application/json; charset=utf-8
      Etag:
      - W/"eb7be8b421afb930cf0ac48ad8811ddc"
      Cache-Control:
      - max-age=0, private, must-revalidate
      X-Request-Id:
      - d3c07634-3e17-4f10-9b7a-49cecaab2f9a
      X-Runtime:
      - '0.003414'
      Transfer-Encoding:
      - chunked
    body:
      encoding: UTF-8
      string: '{"data":{"id":"2","type":"fern","attributes":{"name":"Brian","health":2,"preferred_contact_method":"phone"},"relationships":{"shelf":{"data":{"id":"2","type":"shelf"}},"user":{"data":{"id":"1","type":"user"}},"interactions":{"data":[]}}},"included":[{"id":"1","type":"user","attributes":{"name":"Samuel
        Cox","email":"samc1253@gmail.com","google_id":"110920554030325122207"}}]}'
  recorded_at: Sun, 19 Mar 2023 19:01:55 GMT
- request:
    method: patch
    uri: http://localhost:5000/api/v1/users/110920554030325122207/ferns/2
    body:
      encoding: UTF-8
      string: interaction=I+watered+this+fern+today.+I+love+pizza.+I+love+you.
    headers:
      Fern-Key:
      - "<FERN_KEY>"
      User-Agent:
      - Faraday v2.7.4
      Content-Type:
      - application/x-www-form-urlencoded
      Accept-Encoding:
      - gzip;q=1.0,deflate;q=0.6,identity;q=0.3
      Accept:
      - "*/*"
  response:
    status:
      code: 200
      message: OK
    headers:
      Content-Type:
      - application/json; charset=utf-8
      Etag:
      - W/"ad1bb1efa0d3a89b68bf2e1207f99ecb"
      Cache-Control:
      - max-age=0, private, must-revalidate
      X-Request-Id:
      - 6a592cf2-0b2b-45eb-86f6-f068769f03dc
      X-Runtime:
      - '0.194697'
      Transfer-Encoding:
      - chunked
    body:
      encoding: UTF-8
      string: '{"data":{"id":"2","type":"fern","attributes":{"name":"Brian","health":4,"preferred_contact_method":"phone"},"relationships":{"shelf":{"data":{"id":"2","type":"shelf"}},"user":{"data":{"id":"1","type":"user"}},"interactions":{"data":[{"id":"4","type":"interaction"}]}}}}'
  recorded_at: Sun, 19 Mar 2023 19:01:55 GMT
- request:
    method: get
    uri: http://localhost:5000/api/v1/users/110920554030325122207/ferns/2
    body:
      encoding: US-ASCII
      string: ''
    headers:
      Fern-Key:
      - "<FERN_KEY>"
      User-Agent:
      - Faraday v2.7.4
      Accept-Encoding:
      - gzip;q=1.0,deflate;q=0.6,identity;q=0.3
      Accept:
      - "*/*"
  response:
    status:
      code: 200
      message: OK
    headers:
      Content-Type:
      - application/json; charset=utf-8
      Etag:
      - W/"c6902b851853800b4e21fa1151b00dc4"
      Cache-Control:
      - max-age=0, private, must-revalidate
      X-Request-Id:
      - 8c084280-861d-4e78-bb87-7bfb0f9941d1
      X-Runtime:
      - '0.005482'
      Transfer-Encoding:
      - chunked
    body:
      encoding: UTF-8
      string: '{"data":{"id":"2","type":"fern","attributes":{"name":"Brian","health":4,"preferred_contact_method":"phone"},"relationships":{"shelf":{"data":{"id":"2","type":"shelf"}},"user":{"data":{"id":"1","type":"user"}},"interactions":{"data":[{"id":"4","type":"interaction"}]}}},"included":[{"id":"4","type":"interaction","attributes":{"evaluation":"Positive","description":"message","created_at":"2023-03-19T19:01:55.839Z"},"relationships":{"fern":{"data":{"id":"2","type":"fern"}}}},{"id":"1","type":"user","attributes":{"name":"Samuel
        Cox","email":"samc1253@gmail.com","google_id":"110920554030325122207"}}]}'
  recorded_at: Sun, 19 Mar 2023 19:01:55 GMT
- request:
    method: get
    uri: http://localhost:5000/api/v1/users/110920554030325122207/ferns/2
    body:
      encoding: US-ASCII
      string: ''
    headers:
      Fern-Key:
      - "<FERN_KEY>"
      User-Agent:
      - Faraday v2.7.4
      Accept-Encoding:
      - gzip;q=1.0,deflate;q=0.6,identity;q=0.3
      Accept:
      - "*/*"
  response:
    status:
      code: 200
      message: OK
    headers:
      Content-Type:
      - application/json; charset=utf-8
      Etag:
      - W/"c6902b851853800b4e21fa1151b00dc4"
      Cache-Control:
      - max-age=0, private, must-revalidate
      X-Request-Id:
      - a05ac0df-b53a-47b6-bc3c-2f23f6fc786a
      X-Runtime:
      - '0.004048'
      Transfer-Encoding:
      - chunked
    body:
      encoding: UTF-8
      string: '{"data":{"id":"2","type":"fern","attributes":{"name":"Brian","health":4,"preferred_contact_method":"phone"},"relationships":{"shelf":{"data":{"id":"2","type":"shelf"}},"user":{"data":{"id":"1","type":"user"}},"interactions":{"data":[{"id":"4","type":"interaction"}]}}},"included":[{"id":"4","type":"interaction","attributes":{"evaluation":"Positive","description":"message","created_at":"2023-03-19T19:01:55.839Z"},"relationships":{"fern":{"data":{"id":"2","type":"fern"}}}},{"id":"1","type":"user","attributes":{"name":"Samuel
        Cox","email":"samc1253@gmail.com","google_id":"110920554030325122207"}}]}'
  recorded_at: Sun, 19 Mar 2023 19:01:55 GMT
- request:
    method: patch
    uri: http://localhost:5000/api/v1/users/110920554030325122207/ferns/2
    body:
      encoding: UTF-8
      string: interaction=You+Suck%2C+I+hate+you
    headers:
      Fern-Key:
      - "<FERN_KEY>"
      User-Agent:
      - Faraday v2.7.4
      Content-Type:
      - application/x-www-form-urlencoded
      Accept-Encoding:
      - gzip;q=1.0,deflate;q=0.6,identity;q=0.3
      Accept:
      - "*/*"
  response:
    status:
      code: 200
      message: OK
    headers:
      Content-Type:
      - application/json; charset=utf-8
      Etag:
      - W/"28573c05820274da29bf110c63068620"
      Cache-Control:
      - max-age=0, private, must-revalidate
      X-Request-Id:
      - 4e8f138d-d61d-40f2-b4dc-3a2be5e02fb8
      X-Runtime:
      - '0.169845'
      Transfer-Encoding:
      - chunked
    body:
      encoding: UTF-8
      string: '{"data":{"id":"2","type":"fern","attributes":{"name":"Brian","health":2,"preferred_contact_method":"phone"},"relationships":{"shelf":{"data":{"id":"2","type":"shelf"}},"user":{"data":{"id":"1","type":"user"}},"interactions":{"data":[{"id":"5","type":"interaction"},{"id":"4","type":"interaction"}]}}}}'
  recorded_at: Sun, 19 Mar 2023 19:01:56 GMT
- request:
    method: get
    uri: http://localhost:5000/api/v1/users/110920554030325122207/ferns/2
    body:
      encoding: US-ASCII
      string: ''
    headers:
      Fern-Key:
      - "<FERN_KEY>"
      User-Agent:
      - Faraday v2.7.4
      Accept-Encoding:
      - gzip;q=1.0,deflate;q=0.6,identity;q=0.3
      Accept:
      - "*/*"
  response:
    status:
      code: 200
      message: OK
    headers:
      Content-Type:
      - application/json; charset=utf-8
      Etag:
      - W/"face9d8df5c9b1573a3881f3df38a72a"
      Cache-Control:
      - max-age=0, private, must-revalidate
      X-Request-Id:
      - e281d778-59ad-402b-b41a-a9357e6a1609
      X-Runtime:
      - '0.006968'
      Transfer-Encoding:
      - chunked
    body:
      encoding: UTF-8
      string: '{"data":{"id":"2","type":"fern","attributes":{"name":"Brian","health":2,"preferred_contact_method":"phone"},"relationships":{"shelf":{"data":{"id":"2","type":"shelf"}},"user":{"data":{"id":"1","type":"user"}},"interactions":{"data":[{"id":"5","type":"interaction"},{"id":"4","type":"interaction"}]}}},"included":[{"id":"5","type":"interaction","attributes":{"evaluation":"Negative","description":"message","created_at":"2023-03-19T19:01:56.081Z"},"relationships":{"fern":{"data":{"id":"2","type":"fern"}}}},{"id":"4","type":"interaction","attributes":{"evaluation":"Positive","description":"message","created_at":"2023-03-19T19:01:55.839Z"},"relationships":{"fern":{"data":{"id":"2","type":"fern"}}}},{"id":"1","type":"user","attributes":{"name":"Samuel
        Cox","email":"samc1253@gmail.com","google_id":"110920554030325122207"}}]}'
  recorded_at: Sun, 19 Mar 2023 19:01:56 GMT
- request:
    method: get
    uri: http://localhost:5000/api/v1/users/110920554030325122207/ferns/2
    body:
      encoding: US-ASCII
      string: ''
    headers:
      Fern-Key:
      - "<FERN_KEY>"
      User-Agent:
      - Faraday v2.7.4
      Accept-Encoding:
      - gzip;q=1.0,deflate;q=0.6,identity;q=0.3
      Accept:
      - "*/*"
  response:
    status:
      code: 200
      message: OK
    headers:
      Content-Type:
      - application/json; charset=utf-8
      Etag:
      - W/"face9d8df5c9b1573a3881f3df38a72a"
      Cache-Control:
      - max-age=0, private, must-revalidate
      X-Request-Id:
      - 4bb2ec8d-09e3-4fef-8e1b-d402ff08418c
      X-Runtime:
      - '0.004285'
      Transfer-Encoding:
      - chunked
    body:
      encoding: UTF-8
      string: '{"data":{"id":"2","type":"fern","attributes":{"name":"Brian","health":2,"preferred_contact_method":"phone"},"relationships":{"shelf":{"data":{"id":"2","type":"shelf"}},"user":{"data":{"id":"1","type":"user"}},"interactions":{"data":[{"id":"5","type":"interaction"},{"id":"4","type":"interaction"}]}}},"included":[{"id":"5","type":"interaction","attributes":{"evaluation":"Negative","description":"message","created_at":"2023-03-19T19:01:56.081Z"},"relationships":{"fern":{"data":{"id":"2","type":"fern"}}}},{"id":"4","type":"interaction","attributes":{"evaluation":"Positive","description":"message","created_at":"2023-03-19T19:01:55.839Z"},"relationships":{"fern":{"data":{"id":"2","type":"fern"}}}},{"id":"1","type":"user","attributes":{"name":"Samuel
        Cox","email":"samc1253@gmail.com","google_id":"110920554030325122207"}}]}'
  recorded_at: Sun, 19 Mar 2023 19:01:56 GMT
- request:
    method: get
    uri: http://localhost:5000/api/v1/activities
    body:
      encoding: US-ASCII
      string: ''
    headers:
      Fern-Key:
      - "<FERN_KEY>"
      User-Agent:
      - Faraday v2.7.4
      Accept-Encoding:
      - gzip;q=1.0,deflate;q=0.6,identity;q=0.3
      Accept:
      - "*/*"
  response:
    status:
      code: 200
      message: OK
    headers:
      Content-Type:
      - application/json; charset=utf-8
      Etag:
      - W/"83afbe67ff3c963af2a9f7a17c59ee14"
      Cache-Control:
      - max-age=0, private, must-revalidate
      X-Request-Id:
      - 4455ad20-933a-41cb-aef9-c9cd9e71d223
      X-Runtime:
      - '0.194414'
      Transfer-Encoding:
      - chunked
    body:
      encoding: UTF-8
      string: '{"activity":"Organize your music collection"}'
  recorded_at: Sun, 19 Mar 2023 19:01:56 GMT
- request:
    method: patch
    uri: http://localhost:5000/api/v1/users/110920554030325122207/ferns/2
    body:
      encoding: UTF-8
      string: activity=Organize+your+music+collection
    headers:
      Fern-Key:
      - "<FERN_KEY>"
      User-Agent:
      - Faraday v2.7.4
      Content-Type:
      - application/x-www-form-urlencoded
      Accept-Encoding:
      - gzip;q=1.0,deflate;q=0.6,identity;q=0.3
      Accept:
      - "*/*"
  response:
    status:
      code: 200
      message: OK
    headers:
      Content-Type:
      - application/json; charset=utf-8
      Etag:
      - W/"8568341269a7a8915670494234dc5f96"
      Cache-Control:
      - max-age=0, private, must-revalidate
      X-Request-Id:
      - b805b9cd-3734-4d86-9610-7e0d3dfcf505
      X-Runtime:
      - '0.011812'
      Transfer-Encoding:
      - chunked
    body:
      encoding: UTF-8
      string: '{"data":{"id":"2","type":"fern","attributes":{"name":"Brian","health":8,"preferred_contact_method":"phone"},"relationships":{"shelf":{"data":{"id":"2","type":"shelf"}},"user":{"data":{"id":"1","type":"user"}},"interactions":{"data":[{"id":"6","type":"interaction"},{"id":"5","type":"interaction"},{"id":"4","type":"interaction"}]}}}}'
  recorded_at: Sun, 19 Mar 2023 19:01:56 GMT
- request:
    method: get
    uri: http://localhost:5000/api/v1/users/110920554030325122207/ferns/2
    body:
      encoding: US-ASCII
      string: ''
    headers:
      Fern-Key:
      - "<FERN_KEY>"
      User-Agent:
      - Faraday v2.7.4
      Accept-Encoding:
      - gzip;q=1.0,deflate;q=0.6,identity;q=0.3
      Accept:
      - "*/*"
  response:
    status:
      code: 200
      message: OK
    headers:
      Content-Type:
      - application/json; charset=utf-8
      Etag:
      - W/"ed0e0fa59371eca1dd90a7f87c852a3c"
      Cache-Control:
      - max-age=0, private, must-revalidate
      X-Request-Id:
      - 36ed2e99-ba79-4273-961c-e7016606d428
      X-Runtime:
      - '0.004787'
      Transfer-Encoding:
      - chunked
    body:
      encoding: UTF-8
      string: '{"data":{"id":"2","type":"fern","attributes":{"name":"Brian","health":8,"preferred_contact_method":"phone"},"relationships":{"shelf":{"data":{"id":"2","type":"shelf"}},"user":{"data":{"id":"1","type":"user"}},"interactions":{"data":[{"id":"6","type":"interaction"},{"id":"5","type":"interaction"},{"id":"4","type":"interaction"}]}}},"included":[{"id":"6","type":"interaction","attributes":{"evaluation":"Positive","description":"Organize
        your music collection","created_at":"2023-03-19T19:01:56.398Z"},"relationships":{"fern":{"data":{"id":"2","type":"fern"}}}},{"id":"5","type":"interaction","attributes":{"evaluation":"Negative","description":"message","created_at":"2023-03-19T19:01:56.081Z"},"relationships":{"fern":{"data":{"id":"2","type":"fern"}}}},{"id":"4","type":"interaction","attributes":{"evaluation":"Positive","description":"message","created_at":"2023-03-19T19:01:55.839Z"},"relationships":{"fern":{"data":{"id":"2","type":"fern"}}}},{"id":"1","type":"user","attributes":{"name":"Samuel
        Cox","email":"samc1253@gmail.com","google_id":"110920554030325122207"}}]}'
  recorded_at: Sun, 19 Mar 2023 19:01:56 GMT
recorded_with: VCR 6.1.0
