---
http_interactions:
- request:
    method: get
    uri: http://localhost:5000/api/v1/users/110920554030325122207/ferns/2
    body:
      encoding: US-ASCII
      string: ''
    headers:
      Fern-Key:
      - "<FERN_KEY>"
      User-Agent:
      - Faraday v2.7.4
      Accept-Encoding:
      - gzip;q=1.0,deflate;q=0.6,identity;q=0.3
      Accept:
      - "*/*"
  response:
    status:
      code: 200
      message: OK
    headers:
      Content-Type:
      - application/json; charset=utf-8
      Etag:
      - W/"f363fbfdd7b2971253b0c53ba6fb6fc9"
      Cache-Control:
      - max-age=0, private, must-revalidate
      X-Request-Id:
      - 7145731b-fcf9-4a0a-a6cb-e3a496aef5a8
      X-Runtime:
      - '0.002782'
      Transfer-Encoding:
      - chunked
    body:
      encoding: UTF-8
      string: '{"data":{"id":"2","type":"fern","attributes":{"name":"Brian","health":2.0,"preferred_contact_method":"phone"},"relationships":{"shelf":{"data":{"id":"2","type":"shelf"}},"user":{"data":{"id":"1","type":"user"}},"interactions":{"data":[]}}},"included":[{"id":"1","type":"user","attributes":{"name":"Samuel
        Cox","email":"samc1253@gmail.com","google_id":"110920554030325122207"}}]}'
  recorded_at: Sat, 18 Mar 2023 22:00:16 GMT
- request:
    method: get
    uri: http://localhost:5000/api/v1/users/110920554030325122207/ferns/2
    body:
      encoding: US-ASCII
      string: ''
    headers:
      Fern-Key:
      - "<FERN_KEY>"
      User-Agent:
      - Faraday v2.7.4
      Accept-Encoding:
      - gzip;q=1.0,deflate;q=0.6,identity;q=0.3
      Accept:
      - "*/*"
  response:
    status:
      code: 200
      message: OK
    headers:
      Content-Type:
      - application/json; charset=utf-8
      Etag:
      - W/"f363fbfdd7b2971253b0c53ba6fb6fc9"
      Cache-Control:
      - max-age=0, private, must-revalidate
      X-Request-Id:
      - f0e524eb-4a3e-4621-9490-d2b3fee1ea8c
      X-Runtime:
      - '0.002804'
      Transfer-Encoding:
      - chunked
    body:
      encoding: UTF-8
      string: '{"data":{"id":"2","type":"fern","attributes":{"name":"Brian","health":2.0,"preferred_contact_method":"phone"},"relationships":{"shelf":{"data":{"id":"2","type":"shelf"}},"user":{"data":{"id":"1","type":"user"}},"interactions":{"data":[]}}},"included":[{"id":"1","type":"user","attributes":{"name":"Samuel
        Cox","email":"samc1253@gmail.com","google_id":"110920554030325122207"}}]}'
  recorded_at: Sat, 18 Mar 2023 22:00:16 GMT
- request:
    method: patch
    uri: http://localhost:5000/api/v1/users/110920554030325122207/ferns/2
    body:
      encoding: UTF-8
      string: interaction=I+watered+this+fern+today.+I+love+pizza.+I+love+you.
    headers:
      Fern-Key:
      - "<FERN_KEY>"
      User-Agent:
      - Faraday v2.7.4
      Content-Type:
      - application/x-www-form-urlencoded
      Accept-Encoding:
      - gzip;q=1.0,deflate;q=0.6,identity;q=0.3
      Accept:
      - "*/*"
  response:
    status:
      code: 200
      message: OK
    headers:
      Content-Type:
      - application/json; charset=utf-8
      Etag:
      - W/"4f6aa347128f7ae87c79d3901170eb51"
      Cache-Control:
      - max-age=0, private, must-revalidate
      X-Request-Id:
      - 413e3a0a-ac84-47e6-ab41-e9a5fa9362b3
      X-Runtime:
      - '0.129494'
      Transfer-Encoding:
      - chunked
    body:
      encoding: UTF-8
      string: '{"data":{"id":"2","type":"fern","attributes":{"name":"Brian","health":3.8,"preferred_contact_method":"phone"},"relationships":{"shelf":{"data":{"id":"2","type":"shelf"}},"user":{"data":{"id":"1","type":"user"}},"interactions":{"data":[{"id":"7","type":"interaction"}]}}},"included":[{"id":"7","type":"interaction","attributes":{"evaluation":0.6,"description":"message","created_at":"2023-03-18T22:00:16.848Z"},"relationships":{"fern":{"data":{"id":"2","type":"fern"}}}}]}'
  recorded_at: Sat, 18 Mar 2023 22:00:16 GMT
- request:
    method: get
    uri: http://localhost:5000/api/v1/users/110920554030325122207/ferns/2
    body:
      encoding: US-ASCII
      string: ''
    headers:
      Fern-Key:
      - "<FERN_KEY>"
      User-Agent:
      - Faraday v2.7.4
      Accept-Encoding:
      - gzip;q=1.0,deflate;q=0.6,identity;q=0.3
      Accept:
      - "*/*"
  response:
    status:
      code: 200
      message: OK
    headers:
      Content-Type:
      - application/json; charset=utf-8
      Etag:
      - W/"d23c1d445611249b9b8322229cd43dd2"
      Cache-Control:
      - max-age=0, private, must-revalidate
      X-Request-Id:
      - 7902394b-9cc4-4343-9882-08b8897ca925
      X-Runtime:
      - '0.007285'
      Transfer-Encoding:
      - chunked
    body:
      encoding: UTF-8
      string: '{"data":{"id":"2","type":"fern","attributes":{"name":"Brian","health":3.8,"preferred_contact_method":"phone"},"relationships":{"shelf":{"data":{"id":"2","type":"shelf"}},"user":{"data":{"id":"1","type":"user"}},"interactions":{"data":[{"id":"7","type":"interaction"}]}}},"included":[{"id":"7","type":"interaction","attributes":{"evaluation":0.6,"description":"message","created_at":"2023-03-18T22:00:16.848Z"},"relationships":{"fern":{"data":{"id":"2","type":"fern"}}}},{"id":"1","type":"user","attributes":{"name":"Samuel
        Cox","email":"samc1253@gmail.com","google_id":"110920554030325122207"}}]}'
  recorded_at: Sat, 18 Mar 2023 22:00:16 GMT
- request:
    method: get
    uri: http://localhost:5000/api/v1/users/110920554030325122207/ferns/2
    body:
      encoding: US-ASCII
      string: ''
    headers:
      Fern-Key:
      - "<FERN_KEY>"
      User-Agent:
      - Faraday v2.7.4
      Accept-Encoding:
      - gzip;q=1.0,deflate;q=0.6,identity;q=0.3
      Accept:
      - "*/*"
  response:
    status:
      code: 200
      message: OK
    headers:
      Content-Type:
      - application/json; charset=utf-8
      Etag:
      - W/"d23c1d445611249b9b8322229cd43dd2"
      Cache-Control:
      - max-age=0, private, must-revalidate
      X-Request-Id:
      - 74ab004b-e02d-4780-93fd-9ea77c51a4c1
      X-Runtime:
      - '0.003654'
      Transfer-Encoding:
      - chunked
    body:
      encoding: UTF-8
      string: '{"data":{"id":"2","type":"fern","attributes":{"name":"Brian","health":3.8,"preferred_contact_method":"phone"},"relationships":{"shelf":{"data":{"id":"2","type":"shelf"}},"user":{"data":{"id":"1","type":"user"}},"interactions":{"data":[{"id":"7","type":"interaction"}]}}},"included":[{"id":"7","type":"interaction","attributes":{"evaluation":0.6,"description":"message","created_at":"2023-03-18T22:00:16.848Z"},"relationships":{"fern":{"data":{"id":"2","type":"fern"}}}},{"id":"1","type":"user","attributes":{"name":"Samuel
        Cox","email":"samc1253@gmail.com","google_id":"110920554030325122207"}}]}'
  recorded_at: Sat, 18 Mar 2023 22:00:16 GMT
- request:
    method: get
    uri: http://localhost:5000/api/v1/users/110920554030325122207/ferns/2
    body:
      encoding: US-ASCII
      string: ''
    headers:
      Fern-Key:
      - "<FERN_KEY>"
      User-Agent:
      - Faraday v2.7.4
      Accept-Encoding:
      - gzip;q=1.0,deflate;q=0.6,identity;q=0.3
      Accept:
      - "*/*"
  response:
    status:
      code: 200
      message: OK
    headers:
      Content-Type:
      - application/json; charset=utf-8
      Etag:
      - W/"d23c1d445611249b9b8322229cd43dd2"
      Cache-Control:
      - max-age=0, private, must-revalidate
      X-Request-Id:
      - a0a8918f-d44d-4699-96a1-16f62158bf15
      X-Runtime:
      - '0.003238'
      Transfer-Encoding:
      - chunked
    body:
      encoding: UTF-8
      string: '{"data":{"id":"2","type":"fern","attributes":{"name":"Brian","health":3.8,"preferred_contact_method":"phone"},"relationships":{"shelf":{"data":{"id":"2","type":"shelf"}},"user":{"data":{"id":"1","type":"user"}},"interactions":{"data":[{"id":"7","type":"interaction"}]}}},"included":[{"id":"7","type":"interaction","attributes":{"evaluation":0.6,"description":"message","created_at":"2023-03-18T22:00:16.848Z"},"relationships":{"fern":{"data":{"id":"2","type":"fern"}}}},{"id":"1","type":"user","attributes":{"name":"Samuel
        Cox","email":"samc1253@gmail.com","google_id":"110920554030325122207"}}]}'
  recorded_at: Sat, 18 Mar 2023 22:00:16 GMT
- request:
    method: patch
    uri: http://localhost:5000/api/v1/users/110920554030325122207/ferns/2
    body:
      encoding: UTF-8
      string: interaction=You+Suck%2C+I+hate+you
    headers:
      Fern-Key:
      - "<FERN_KEY>"
      User-Agent:
      - Faraday v2.7.4
      Content-Type:
      - application/x-www-form-urlencoded
      Accept-Encoding:
      - gzip;q=1.0,deflate;q=0.6,identity;q=0.3
      Accept:
      - "*/*"
  response:
    status:
      code: 200
      message: OK
    headers:
      Content-Type:
      - application/json; charset=utf-8
      Etag:
      - W/"c13faf025f992c467d986ddc111bdb8b"
      Cache-Control:
      - max-age=0, private, must-revalidate
      X-Request-Id:
      - 9b30c961-ae9d-45d2-afa5-ba87e6b5c999
      X-Runtime:
      - '0.129042'
      Transfer-Encoding:
      - chunked
    body:
      encoding: UTF-8
      string: '{"data":{"id":"2","type":"fern","attributes":{"name":"Brian","health":1.0999999999999996,"preferred_contact_method":"phone"},"relationships":{"shelf":{"data":{"id":"2","type":"shelf"}},"user":{"data":{"id":"1","type":"user"}},"interactions":{"data":[{"id":"8","type":"interaction"},{"id":"7","type":"interaction"}]}}},"included":[{"id":"8","type":"interaction","attributes":{"evaluation":-0.9,"description":"message","created_at":"2023-03-18T22:00:17.036Z"},"relationships":{"fern":{"data":{"id":"2","type":"fern"}}}},{"id":"7","type":"interaction","attributes":{"evaluation":0.6,"description":"message","created_at":"2023-03-18T22:00:16.848Z"},"relationships":{"fern":{"data":{"id":"2","type":"fern"}}}}]}'
  recorded_at: Sat, 18 Mar 2023 22:00:17 GMT
- request:
    method: get
    uri: http://localhost:5000/api/v1/users/110920554030325122207/ferns/2
    body:
      encoding: US-ASCII
      string: ''
    headers:
      Fern-Key:
      - "<FERN_KEY>"
      User-Agent:
      - Faraday v2.7.4
      Accept-Encoding:
      - gzip;q=1.0,deflate;q=0.6,identity;q=0.3
      Accept:
      - "*/*"
  response:
    status:
      code: 200
      message: OK
    headers:
      Content-Type:
      - application/json; charset=utf-8
      Etag:
      - W/"0cd2da043ca9dffb60e6df42875fbe3b"
      Cache-Control:
      - max-age=0, private, must-revalidate
      X-Request-Id:
      - e768c317-625b-4d0f-9afe-febe453ba792
      X-Runtime:
      - '0.003277'
      Transfer-Encoding:
      - chunked
    body:
      encoding: UTF-8
      string: '{"data":{"id":"2","type":"fern","attributes":{"name":"Brian","health":1.0999999999999996,"preferred_contact_method":"phone"},"relationships":{"shelf":{"data":{"id":"2","type":"shelf"}},"user":{"data":{"id":"1","type":"user"}},"interactions":{"data":[{"id":"8","type":"interaction"},{"id":"7","type":"interaction"}]}}},"included":[{"id":"8","type":"interaction","attributes":{"evaluation":-0.9,"description":"message","created_at":"2023-03-18T22:00:17.036Z"},"relationships":{"fern":{"data":{"id":"2","type":"fern"}}}},{"id":"7","type":"interaction","attributes":{"evaluation":0.6,"description":"message","created_at":"2023-03-18T22:00:16.848Z"},"relationships":{"fern":{"data":{"id":"2","type":"fern"}}}},{"id":"1","type":"user","attributes":{"name":"Samuel
        Cox","email":"samc1253@gmail.com","google_id":"110920554030325122207"}}]}'
  recorded_at: Sat, 18 Mar 2023 22:00:17 GMT
- request:
    method: get
    uri: http://localhost:5000/api/v1/users/110920554030325122207/ferns/2
    body:
      encoding: US-ASCII
      string: ''
    headers:
      Fern-Key:
      - "<FERN_KEY>"
      User-Agent:
      - Faraday v2.7.4
      Accept-Encoding:
      - gzip;q=1.0,deflate;q=0.6,identity;q=0.3
      Accept:
      - "*/*"
  response:
    status:
      code: 200
      message: OK
    headers:
      Content-Type:
      - application/json; charset=utf-8
      Etag:
      - W/"0cd2da043ca9dffb60e6df42875fbe3b"
      Cache-Control:
      - max-age=0, private, must-revalidate
      X-Request-Id:
      - 7b912ff3-73a6-4310-a6ff-9653aa8d9e91
      X-Runtime:
      - '0.002971'
      Transfer-Encoding:
      - chunked
    body:
      encoding: UTF-8
      string: '{"data":{"id":"2","type":"fern","attributes":{"name":"Brian","health":1.0999999999999996,"preferred_contact_method":"phone"},"relationships":{"shelf":{"data":{"id":"2","type":"shelf"}},"user":{"data":{"id":"1","type":"user"}},"interactions":{"data":[{"id":"8","type":"interaction"},{"id":"7","type":"interaction"}]}}},"included":[{"id":"8","type":"interaction","attributes":{"evaluation":-0.9,"description":"message","created_at":"2023-03-18T22:00:17.036Z"},"relationships":{"fern":{"data":{"id":"2","type":"fern"}}}},{"id":"7","type":"interaction","attributes":{"evaluation":0.6,"description":"message","created_at":"2023-03-18T22:00:16.848Z"},"relationships":{"fern":{"data":{"id":"2","type":"fern"}}}},{"id":"1","type":"user","attributes":{"name":"Samuel
        Cox","email":"samc1253@gmail.com","google_id":"110920554030325122207"}}]}'
  recorded_at: Sat, 18 Mar 2023 22:00:17 GMT
- request:
    method: get
    uri: http://localhost:5000/api/v1/activities
    body:
      encoding: US-ASCII
      string: ''
    headers:
      Fern-Key:
      - "<FERN_KEY>"
      User-Agent:
      - Faraday v2.7.4
      Accept-Encoding:
      - gzip;q=1.0,deflate;q=0.6,identity;q=0.3
      Accept:
      - "*/*"
  response:
    status:
      code: 200
      message: OK
    headers:
      Content-Type:
      - application/json; charset=utf-8
      Etag:
      - W/"4e104bf6dac3308259c88bb3b720bb11"
      Cache-Control:
      - max-age=0, private, must-revalidate
      X-Request-Id:
      - 671e77be-19a7-4c84-9894-40a102cfe718
      X-Runtime:
      - '0.126997'
      Transfer-Encoding:
      - chunked
    body:
      encoding: UTF-8
      string: '{"activity":"Hold a yard sale"}'
  recorded_at: Sat, 18 Mar 2023 22:00:17 GMT
- request:
    method: patch
    uri: http://localhost:5000/api/v1/users/110920554030325122207/ferns/2
    body:
      encoding: UTF-8
      string: activity=Hold+a+yard+sale
    headers:
      Fern-Key:
      - "<FERN_KEY>"
      User-Agent:
      - Faraday v2.7.4
      Content-Type:
      - application/x-www-form-urlencoded
      Accept-Encoding:
      - gzip;q=1.0,deflate;q=0.6,identity;q=0.3
      Accept:
      - "*/*"
  response:
    status:
      code: 200
      message: OK
    headers:
      Content-Type:
      - application/json; charset=utf-8
      Etag:
      - W/"743904166bf1cdc069d7bf08b638bb65"
      Cache-Control:
      - max-age=0, private, must-revalidate
      X-Request-Id:
      - 463406bb-8e38-43f3-b23a-1f175f65e8aa
      X-Runtime:
      - '0.009536'
      Transfer-Encoding:
      - chunked
    body:
      encoding: UTF-8
      string: '{"data":{"id":"2","type":"fern","attributes":{"name":"Brian","health":5.1,"preferred_contact_method":"phone"},"relationships":{"shelf":{"data":{"id":"2","type":"shelf"}},"user":{"data":{"id":"1","type":"user"}},"interactions":{"data":[{"id":"9","type":"interaction"},{"id":"8","type":"interaction"},{"id":"7","type":"interaction"}]}}}}'
  recorded_at: Sat, 18 Mar 2023 22:00:17 GMT
- request:
    method: get
    uri: http://localhost:5000/api/v1/users/110920554030325122207/ferns/2
    body:
      encoding: US-ASCII
      string: ''
    headers:
      Fern-Key:
      - "<FERN_KEY>"
      User-Agent:
      - Faraday v2.7.4
      Accept-Encoding:
      - gzip;q=1.0,deflate;q=0.6,identity;q=0.3
      Accept:
      - "*/*"
  response:
    status:
      code: 200
      message: OK
    headers:
      Content-Type:
      - application/json; charset=utf-8
      Etag:
      - W/"c7d4bf11244eeeadd659c74ae826c7e0"
      Cache-Control:
      - max-age=0, private, must-revalidate
      X-Request-Id:
      - 895a9ba1-bf9f-4223-9951-d1fb7191a154
      X-Runtime:
      - '0.003601'
      Transfer-Encoding:
      - chunked
    body:
      encoding: UTF-8
      string: '{"data":{"id":"2","type":"fern","attributes":{"name":"Brian","health":5.1,"preferred_contact_method":"phone"},"relationships":{"shelf":{"data":{"id":"2","type":"shelf"}},"user":{"data":{"id":"1","type":"user"}},"interactions":{"data":[{"id":"9","type":"interaction"},{"id":"8","type":"interaction"},{"id":"7","type":"interaction"}]}}},"included":[{"id":"9","type":"interaction","attributes":{"evaluation":null,"description":"Hold
        a yard sale","created_at":"2023-03-18T22:00:17.236Z"},"relationships":{"fern":{"data":{"id":"2","type":"fern"}}}},{"id":"8","type":"interaction","attributes":{"evaluation":-0.9,"description":"message","created_at":"2023-03-18T22:00:17.036Z"},"relationships":{"fern":{"data":{"id":"2","type":"fern"}}}},{"id":"7","type":"interaction","attributes":{"evaluation":0.6,"description":"message","created_at":"2023-03-18T22:00:16.848Z"},"relationships":{"fern":{"data":{"id":"2","type":"fern"}}}},{"id":"1","type":"user","attributes":{"name":"Samuel
        Cox","email":"samc1253@gmail.com","google_id":"110920554030325122207"}}]}'
  recorded_at: Sat, 18 Mar 2023 22:00:17 GMT
recorded_with: VCR 6.1.0
