---
http_interactions:
- request:
    method: get
    uri: http://localhost:5000/api/v1/users/110920554030325122207/ferns/4
    body:
      encoding: US-ASCII
      string: ''
    headers:
      Fern-Key:
      - "<FERN_KEY>"
      User-Agent:
      - Faraday v2.7.4
      Accept-Encoding:
      - gzip;q=1.0,deflate;q=0.6,identity;q=0.3
      Accept:
      - "*/*"
  response:
    status:
      code: 200
      message: OK
    headers:
      Content-Type:
      - application/json; charset=utf-8
      Etag:
      - W/"628090d56e662d3029cfb670f1504e09"
      Cache-Control:
      - max-age=0, private, must-revalidate
      X-Request-Id:
      - ebda0ccc-3ec9-4942-b8e2-2dc488087875
      X-Runtime:
      - '0.004360'
      Transfer-Encoding:
      - chunked
    body:
      encoding: UTF-8
      string: '{"data":{"id":"4","type":"fern","attributes":{"name":"Kieffer","health":1.0,"preferred_contact_method":"text"},"relationships":{"shelf":{"data":{"id":"1","type":"shelf"}},"user":{"data":{"id":"1","type":"user"}},"interactions":{"data":[]}}},"included":[{"id":"1","type":"user","attributes":{"name":"Samuel
        Cox","email":"samc1253@gmail.com","google_id":"110920554030325122207"}}]}'
  recorded_at: Sat, 25 Mar 2023 20:56:38 GMT
- request:
    method: get
    uri: http://localhost:5000/api/v1/users/110920554030325122207/ferns/4
    body:
      encoding: US-ASCII
      string: ''
    headers:
      Fern-Key:
      - "<FERN_KEY>"
      User-Agent:
      - Faraday v2.7.4
      Accept-Encoding:
      - gzip;q=1.0,deflate;q=0.6,identity;q=0.3
      Accept:
      - "*/*"
  response:
    status:
      code: 200
      message: OK
    headers:
      Content-Type:
      - application/json; charset=utf-8
      Etag:
      - W/"628090d56e662d3029cfb670f1504e09"
      Cache-Control:
      - max-age=0, private, must-revalidate
      X-Request-Id:
      - 48dca673-01dc-4698-bc60-3fb625e0c632
      X-Runtime:
      - '0.004832'
      Transfer-Encoding:
      - chunked
    body:
      encoding: UTF-8
      string: '{"data":{"id":"4","type":"fern","attributes":{"name":"Kieffer","health":1.0,"preferred_contact_method":"text"},"relationships":{"shelf":{"data":{"id":"1","type":"shelf"}},"user":{"data":{"id":"1","type":"user"}},"interactions":{"data":[]}}},"included":[{"id":"1","type":"user","attributes":{"name":"Samuel
        Cox","email":"samc1253@gmail.com","google_id":"110920554030325122207"}}]}'
  recorded_at: Sat, 25 Mar 2023 20:56:38 GMT
- request:
    method: get
    uri: http://localhost:5000/api/v1/activities
    body:
      encoding: US-ASCII
      string: ''
    headers:
      Fern-Key:
      - "<FERN_KEY>"
      User-Agent:
      - Faraday v2.7.4
      Accept-Encoding:
      - gzip;q=1.0,deflate;q=0.6,identity;q=0.3
      Accept:
      - "*/*"
  response:
    status:
      code: 200
      message: OK
    headers:
      Content-Type:
      - application/json; charset=utf-8
      Etag:
      - W/"d42096bf53a3c0c176806a4f94f7f773"
      Cache-Control:
      - max-age=0, private, must-revalidate
      X-Request-Id:
      - 69ab27f1-0ec2-4688-be7d-4e19dfc6fa43
      X-Runtime:
      - '0.119528'
      Transfer-Encoding:
      - chunked
    body:
      encoding: UTF-8
      string: '{"activity":"Have a football scrimmage with some friends"}'
  recorded_at: Sat, 25 Mar 2023 20:56:38 GMT
- request:
    method: patch
    uri: http://localhost:5000/api/v1/users/110920554030325122207/ferns/4
    body:
      encoding: UTF-8
      string: activity=Have+a+football+scrimmage+with+some+friends
    headers:
      Fern-Key:
      - "<FERN_KEY>"
      User-Agent:
      - Faraday v2.7.4
      Content-Type:
      - application/x-www-form-urlencoded
      Accept-Encoding:
      - gzip;q=1.0,deflate;q=0.6,identity;q=0.3
      Accept:
      - "*/*"
  response:
    status:
      code: 200
      message: OK
    headers:
      Content-Type:
      - application/json; charset=utf-8
      Etag:
      - W/"973443a300de302a8914bca90960d3d7"
      Cache-Control:
      - max-age=0, private, must-revalidate
      X-Request-Id:
      - b8ad73b3-f8d6-40dc-a26c-14b9bed9d8a8
      X-Runtime:
      - '0.023100'
      Transfer-Encoding:
      - chunked
    body:
      encoding: UTF-8
      string: '{"data":{"id":"4","type":"fern","attributes":{"name":"Kieffer","health":5.0,"preferred_contact_method":"text"},"relationships":{"shelf":{"data":{"id":"1","type":"shelf"}},"user":{"data":{"id":"1","type":"user"}},"interactions":{"data":[{"id":"8","type":"interaction"}]}}}}'
  recorded_at: Sat, 25 Mar 2023 20:56:38 GMT
- request:
    method: get
    uri: http://localhost:5000/api/v1/users/110920554030325122207/ferns/4
    body:
      encoding: US-ASCII
      string: ''
    headers:
      Fern-Key:
      - "<FERN_KEY>"
      User-Agent:
      - Faraday v2.7.4
      Accept-Encoding:
      - gzip;q=1.0,deflate;q=0.6,identity;q=0.3
      Accept:
      - "*/*"
  response:
    status:
      code: 200
      message: OK
    headers:
      Content-Type:
      - application/json; charset=utf-8
      Etag:
      - W/"500813121643b21e97115ed29d79ab24"
      Cache-Control:
      - max-age=0, private, must-revalidate
      X-Request-Id:
      - 8ebd0b35-4e9d-4161-a560-370a3fb1d4c8
      X-Runtime:
      - '0.004172'
      Transfer-Encoding:
      - chunked
    body:
      encoding: UTF-8
      string: '{"data":{"id":"4","type":"fern","attributes":{"name":"Kieffer","health":5.0,"preferred_contact_method":"text"},"relationships":{"shelf":{"data":{"id":"1","type":"shelf"}},"user":{"data":{"id":"1","type":"user"}},"interactions":{"data":[{"id":"8","type":"interaction"}]}}},"included":[{"id":"8","type":"interaction","attributes":{"evaluation":1.3333333333333333,"description":"Have
        a football scrimmage with some friends","created_at":"2023-03-25T20:56:38.803Z"},"relationships":{"fern":{"data":{"id":"4","type":"fern"}}}},{"id":"1","type":"user","attributes":{"name":"Samuel
        Cox","email":"samc1253@gmail.com","google_id":"110920554030325122207"}}]}'
  recorded_at: Sat, 25 Mar 2023 20:56:38 GMT
recorded_with: VCR 6.1.0
