---
http_interactions:
- request:
    method: get
    uri: http://localhost:5000/api/v1/users/110920554030325122207/ferns/1
    body:
      encoding: US-ASCII
      string: ''
    headers:
      Fern-Key:
      - "<FERN_KEY>"
      User-Agent:
      - Faraday v2.7.4
      Accept-Encoding:
      - gzip;q=1.0,deflate;q=0.6,identity;q=0.3
      Accept:
      - "*/*"
  response:
    status:
      code: 200
      message: OK
    headers:
      Content-Type:
      - application/json; charset=utf-8
      Etag:
      - W/"ae172b6c7b68b34f1d9c9a60905abec7"
      Cache-Control:
      - max-age=0, private, must-revalidate
      X-Request-Id:
      - 3a5ecf50-d8a6-443c-961d-bbd1a144c6f8
      X-Runtime:
      - '0.005311'
      Transfer-Encoding:
      - chunked
    body:
      encoding: UTF-8
      string: '{"data":{"id":"1","type":"fern","attributes":{"name":"Erin","health":2.8,"preferred_contact_method":"text"},"relationships":{"shelf":{"data":{"id":"2","type":"shelf"}},"user":{"data":{"id":"1","type":"user"}},"interactions":{"data":[{"id":"3","type":"interaction"}]}}},"included":[{"id":"3","type":"interaction","attributes":{"evaluation":0.6,"description":"message","created_at":"2023-03-18T22:00:15.683Z"},"relationships":{"fern":{"data":{"id":"1","type":"fern"}}}},{"id":"1","type":"user","attributes":{"name":"Samuel
        Cox","email":"samc1253@gmail.com","google_id":"110920554030325122207"}}]}'
  recorded_at: Sat, 18 Mar 2023 22:00:15 GMT
- request:
    method: patch
    uri: http://localhost:5000/api/v1/users/110920554030325122207/ferns/1
    body:
      encoding: UTF-8
      string: interaction=I+watered+this+fern+today.+I+love+pizza.+I+love+you.
    headers:
      Fern-Key:
      - "<FERN_KEY>"
      User-Agent:
      - Faraday v2.7.4
      Content-Type:
      - application/x-www-form-urlencoded
      Accept-Encoding:
      - gzip;q=1.0,deflate;q=0.6,identity;q=0.3
      Accept:
      - "*/*"
  response:
    status:
      code: 200
      message: OK
    headers:
      Content-Type:
      - application/json; charset=utf-8
      Etag:
      - W/"7b1919c78e0db0d553e28c00cfd02e35"
      Cache-Control:
      - max-age=0, private, must-revalidate
      X-Request-Id:
      - b7dc9a4f-5f23-4f89-9a53-c4389a7fcf31
      X-Runtime:
      - '0.144574'
      Transfer-Encoding:
      - chunked
    body:
      encoding: UTF-8
      string: '{"data":{"id":"1","type":"fern","attributes":{"name":"Erin","health":4.6,"preferred_contact_method":"text"},"relationships":{"shelf":{"data":{"id":"2","type":"shelf"}},"user":{"data":{"id":"1","type":"user"}},"interactions":{"data":[{"id":"4","type":"interaction"},{"id":"3","type":"interaction"}]}}},"included":[{"id":"4","type":"interaction","attributes":{"evaluation":0.6,"description":"message","created_at":"2023-03-18T22:00:15.905Z"},"relationships":{"fern":{"data":{"id":"1","type":"fern"}}}},{"id":"3","type":"interaction","attributes":{"evaluation":0.6,"description":"message","created_at":"2023-03-18T22:00:15.683Z"},"relationships":{"fern":{"data":{"id":"1","type":"fern"}}}}]}'
  recorded_at: Sat, 18 Mar 2023 22:00:15 GMT
- request:
    method: get
    uri: http://localhost:5000/api/v1/users/110920554030325122207/ferns/1
    body:
      encoding: US-ASCII
      string: ''
    headers:
      Fern-Key:
      - "<FERN_KEY>"
      User-Agent:
      - Faraday v2.7.4
      Accept-Encoding:
      - gzip;q=1.0,deflate;q=0.6,identity;q=0.3
      Accept:
      - "*/*"
  response:
    status:
      code: 200
      message: OK
    headers:
      Content-Type:
      - application/json; charset=utf-8
      Etag:
      - W/"1fc645d04329ada6ec339848c8fd5c4c"
      Cache-Control:
      - max-age=0, private, must-revalidate
      X-Request-Id:
      - e138bae2-7c54-436f-8f9a-4c823e02109d
      X-Runtime:
      - '0.004169'
      Transfer-Encoding:
      - chunked
    body:
      encoding: UTF-8
      string: '{"data":{"id":"1","type":"fern","attributes":{"name":"Erin","health":4.6,"preferred_contact_method":"text"},"relationships":{"shelf":{"data":{"id":"2","type":"shelf"}},"user":{"data":{"id":"1","type":"user"}},"interactions":{"data":[{"id":"4","type":"interaction"},{"id":"3","type":"interaction"}]}}},"included":[{"id":"4","type":"interaction","attributes":{"evaluation":0.6,"description":"message","created_at":"2023-03-18T22:00:15.905Z"},"relationships":{"fern":{"data":{"id":"1","type":"fern"}}}},{"id":"3","type":"interaction","attributes":{"evaluation":0.6,"description":"message","created_at":"2023-03-18T22:00:15.683Z"},"relationships":{"fern":{"data":{"id":"1","type":"fern"}}}},{"id":"1","type":"user","attributes":{"name":"Samuel
        Cox","email":"samc1253@gmail.com","google_id":"110920554030325122207"}}]}'
  recorded_at: Sat, 18 Mar 2023 22:00:15 GMT
- request:
    method: get
    uri: http://localhost:5000/api/v1/users/110920554030325122207/ferns/1
    body:
      encoding: US-ASCII
      string: ''
    headers:
      Fern-Key:
      - "<FERN_KEY>"
      User-Agent:
      - Faraday v2.7.4
      Accept-Encoding:
      - gzip;q=1.0,deflate;q=0.6,identity;q=0.3
      Accept:
      - "*/*"
  response:
    status:
      code: 200
      message: OK
    headers:
      Content-Type:
      - application/json; charset=utf-8
      Etag:
      - W/"1fc645d04329ada6ec339848c8fd5c4c"
      Cache-Control:
      - max-age=0, private, must-revalidate
      X-Request-Id:
      - 3abd8de0-16d9-4822-9735-398925c2f42a
      X-Runtime:
      - '0.005007'
      Transfer-Encoding:
      - chunked
    body:
      encoding: UTF-8
      string: '{"data":{"id":"1","type":"fern","attributes":{"name":"Erin","health":4.6,"preferred_contact_method":"text"},"relationships":{"shelf":{"data":{"id":"2","type":"shelf"}},"user":{"data":{"id":"1","type":"user"}},"interactions":{"data":[{"id":"4","type":"interaction"},{"id":"3","type":"interaction"}]}}},"included":[{"id":"4","type":"interaction","attributes":{"evaluation":0.6,"description":"message","created_at":"2023-03-18T22:00:15.905Z"},"relationships":{"fern":{"data":{"id":"1","type":"fern"}}}},{"id":"3","type":"interaction","attributes":{"evaluation":0.6,"description":"message","created_at":"2023-03-18T22:00:15.683Z"},"relationships":{"fern":{"data":{"id":"1","type":"fern"}}}},{"id":"1","type":"user","attributes":{"name":"Samuel
        Cox","email":"samc1253@gmail.com","google_id":"110920554030325122207"}}]}'
  recorded_at: Sat, 18 Mar 2023 22:00:15 GMT
- request:
    method: patch
    uri: http://localhost:5000/api/v1/users/110920554030325122207/ferns/1
    body:
      encoding: UTF-8
      string: interaction=You+are+a+strong+muffin+man.
    headers:
      Fern-Key:
      - "<FERN_KEY>"
      User-Agent:
      - Faraday v2.7.4
      Content-Type:
      - application/x-www-form-urlencoded
      Accept-Encoding:
      - gzip;q=1.0,deflate;q=0.6,identity;q=0.3
      Accept:
      - "*/*"
  response:
    status:
      code: 200
      message: OK
    headers:
      Content-Type:
      - application/json; charset=utf-8
      Etag:
      - W/"72182d197f6cd75539ebb2723f4eeeaf"
      Cache-Control:
      - max-age=0, private, must-revalidate
      X-Request-Id:
      - ddab9e76-4024-4f04-8c36-b291cdd0bc2c
      X-Runtime:
      - '0.129163'
      Transfer-Encoding:
      - chunked
    body:
      encoding: UTF-8
      string: '{"data":{"id":"1","type":"fern","attributes":{"name":"Erin","health":3.6999999999999997,"preferred_contact_method":"text"},"relationships":{"shelf":{"data":{"id":"2","type":"shelf"}},"user":{"data":{"id":"1","type":"user"}},"interactions":{"data":[{"id":"5","type":"interaction"},{"id":"4","type":"interaction"},{"id":"3","type":"interaction"}]}}},"included":[{"id":"5","type":"interaction","attributes":{"evaluation":-0.3,"description":"message","created_at":"2023-03-18T22:00:16.078Z"},"relationships":{"fern":{"data":{"id":"1","type":"fern"}}}},{"id":"4","type":"interaction","attributes":{"evaluation":0.6,"description":"message","created_at":"2023-03-18T22:00:15.905Z"},"relationships":{"fern":{"data":{"id":"1","type":"fern"}}}},{"id":"3","type":"interaction","attributes":{"evaluation":0.6,"description":"message","created_at":"2023-03-18T22:00:15.683Z"},"relationships":{"fern":{"data":{"id":"1","type":"fern"}}}}]}'
  recorded_at: Sat, 18 Mar 2023 22:00:16 GMT
- request:
    method: get
    uri: http://localhost:5000/api/v1/users/110920554030325122207/ferns/1
    body:
      encoding: US-ASCII
      string: ''
    headers:
      Fern-Key:
      - "<FERN_KEY>"
      User-Agent:
      - Faraday v2.7.4
      Accept-Encoding:
      - gzip;q=1.0,deflate;q=0.6,identity;q=0.3
      Accept:
      - "*/*"
  response:
    status:
      code: 200
      message: OK
    headers:
      Content-Type:
      - application/json; charset=utf-8
      Etag:
      - W/"6518cea0f86261aa2a5c6eb4fa91b86f"
      Cache-Control:
      - max-age=0, private, must-revalidate
      X-Request-Id:
      - c93fc96f-5704-4065-9fe9-fe1e664a7d3e
      X-Runtime:
      - '0.003152'
      Transfer-Encoding:
      - chunked
    body:
      encoding: UTF-8
      string: '{"data":{"id":"1","type":"fern","attributes":{"name":"Erin","health":3.6999999999999997,"preferred_contact_method":"text"},"relationships":{"shelf":{"data":{"id":"2","type":"shelf"}},"user":{"data":{"id":"1","type":"user"}},"interactions":{"data":[{"id":"5","type":"interaction"},{"id":"4","type":"interaction"},{"id":"3","type":"interaction"}]}}},"included":[{"id":"5","type":"interaction","attributes":{"evaluation":-0.3,"description":"message","created_at":"2023-03-18T22:00:16.078Z"},"relationships":{"fern":{"data":{"id":"1","type":"fern"}}}},{"id":"4","type":"interaction","attributes":{"evaluation":0.6,"description":"message","created_at":"2023-03-18T22:00:15.905Z"},"relationships":{"fern":{"data":{"id":"1","type":"fern"}}}},{"id":"3","type":"interaction","attributes":{"evaluation":0.6,"description":"message","created_at":"2023-03-18T22:00:15.683Z"},"relationships":{"fern":{"data":{"id":"1","type":"fern"}}}},{"id":"1","type":"user","attributes":{"name":"Samuel
        Cox","email":"samc1253@gmail.com","google_id":"110920554030325122207"}}]}'
  recorded_at: Sat, 18 Mar 2023 22:00:16 GMT
- request:
    method: get
    uri: http://localhost:5000/api/v1/users/110920554030325122207/ferns/1
    body:
      encoding: US-ASCII
      string: ''
    headers:
      Fern-Key:
      - "<FERN_KEY>"
      User-Agent:
      - Faraday v2.7.4
      Accept-Encoding:
      - gzip;q=1.0,deflate;q=0.6,identity;q=0.3
      Accept:
      - "*/*"
  response:
    status:
      code: 200
      message: OK
    headers:
      Content-Type:
      - application/json; charset=utf-8
      Etag:
      - W/"6518cea0f86261aa2a5c6eb4fa91b86f"
      Cache-Control:
      - max-age=0, private, must-revalidate
      X-Request-Id:
      - 8077fbd2-2af6-4566-bcae-d0cc5bca76e3
      X-Runtime:
      - '0.003087'
      Transfer-Encoding:
      - chunked
    body:
      encoding: UTF-8
      string: '{"data":{"id":"1","type":"fern","attributes":{"name":"Erin","health":3.6999999999999997,"preferred_contact_method":"text"},"relationships":{"shelf":{"data":{"id":"2","type":"shelf"}},"user":{"data":{"id":"1","type":"user"}},"interactions":{"data":[{"id":"5","type":"interaction"},{"id":"4","type":"interaction"},{"id":"3","type":"interaction"}]}}},"included":[{"id":"5","type":"interaction","attributes":{"evaluation":-0.3,"description":"message","created_at":"2023-03-18T22:00:16.078Z"},"relationships":{"fern":{"data":{"id":"1","type":"fern"}}}},{"id":"4","type":"interaction","attributes":{"evaluation":0.6,"description":"message","created_at":"2023-03-18T22:00:15.905Z"},"relationships":{"fern":{"data":{"id":"1","type":"fern"}}}},{"id":"3","type":"interaction","attributes":{"evaluation":0.6,"description":"message","created_at":"2023-03-18T22:00:15.683Z"},"relationships":{"fern":{"data":{"id":"1","type":"fern"}}}},{"id":"1","type":"user","attributes":{"name":"Samuel
        Cox","email":"samc1253@gmail.com","google_id":"110920554030325122207"}}]}'
  recorded_at: Sat, 18 Mar 2023 22:00:16 GMT
- request:
    method: patch
    uri: http://localhost:5000/api/v1/users/110920554030325122207/ferns/1
    body:
      encoding: UTF-8
      string: interaction=We+need+to+talk.
    headers:
      Fern-Key:
      - "<FERN_KEY>"
      User-Agent:
      - Faraday v2.7.4
      Content-Type:
      - application/x-www-form-urlencoded
      Accept-Encoding:
      - gzip;q=1.0,deflate;q=0.6,identity;q=0.3
      Accept:
      - "*/*"
  response:
    status:
      code: 200
      message: OK
    headers:
      Content-Type:
      - application/json; charset=utf-8
      Etag:
      - W/"1f0889438a38ba8ef09d84f6330053c7"
      Cache-Control:
      - max-age=0, private, must-revalidate
      X-Request-Id:
      - 65c502a8-a708-4a61-8789-c93a83259af7
      X-Runtime:
      - '0.127970'
      Transfer-Encoding:
      - chunked
    body:
      encoding: UTF-8
      string: '{"data":{"id":"1","type":"fern","attributes":{"name":"Erin","health":3.6999999999999997,"preferred_contact_method":"text"},"relationships":{"shelf":{"data":{"id":"2","type":"shelf"}},"user":{"data":{"id":"1","type":"user"}},"interactions":{"data":[{"id":"6","type":"interaction"},{"id":"5","type":"interaction"},{"id":"4","type":"interaction"}]}}},"included":[{"id":"6","type":"interaction","attributes":{"evaluation":-0.1,"description":"message","created_at":"2023-03-18T22:00:16.245Z"},"relationships":{"fern":{"data":{"id":"1","type":"fern"}}}},{"id":"5","type":"interaction","attributes":{"evaluation":-0.3,"description":"message","created_at":"2023-03-18T22:00:16.078Z"},"relationships":{"fern":{"data":{"id":"1","type":"fern"}}}},{"id":"4","type":"interaction","attributes":{"evaluation":0.6,"description":"message","created_at":"2023-03-18T22:00:15.905Z"},"relationships":{"fern":{"data":{"id":"1","type":"fern"}}}}]}'
  recorded_at: Sat, 18 Mar 2023 22:00:16 GMT
- request:
    method: get
    uri: http://localhost:5000/api/v1/users/110920554030325122207/ferns/1
    body:
      encoding: US-ASCII
      string: ''
    headers:
      Fern-Key:
      - "<FERN_KEY>"
      User-Agent:
      - Faraday v2.7.4
      Accept-Encoding:
      - gzip;q=1.0,deflate;q=0.6,identity;q=0.3
      Accept:
      - "*/*"
  response:
    status:
      code: 200
      message: OK
    headers:
      Content-Type:
      - application/json; charset=utf-8
      Etag:
      - W/"1f09bf6ec582cdf75fcb8151f29b8a7c"
      Cache-Control:
      - max-age=0, private, must-revalidate
      X-Request-Id:
      - b7af8bed-5319-4935-9acc-76b9c716be6a
      X-Runtime:
      - '0.003795'
      Transfer-Encoding:
      - chunked
    body:
      encoding: UTF-8
      string: '{"data":{"id":"1","type":"fern","attributes":{"name":"Erin","health":3.6999999999999997,"preferred_contact_method":"text"},"relationships":{"shelf":{"data":{"id":"2","type":"shelf"}},"user":{"data":{"id":"1","type":"user"}},"interactions":{"data":[{"id":"6","type":"interaction"},{"id":"5","type":"interaction"},{"id":"4","type":"interaction"}]}}},"included":[{"id":"6","type":"interaction","attributes":{"evaluation":-0.1,"description":"message","created_at":"2023-03-18T22:00:16.245Z"},"relationships":{"fern":{"data":{"id":"1","type":"fern"}}}},{"id":"5","type":"interaction","attributes":{"evaluation":-0.3,"description":"message","created_at":"2023-03-18T22:00:16.078Z"},"relationships":{"fern":{"data":{"id":"1","type":"fern"}}}},{"id":"4","type":"interaction","attributes":{"evaluation":0.6,"description":"message","created_at":"2023-03-18T22:00:15.905Z"},"relationships":{"fern":{"data":{"id":"1","type":"fern"}}}},{"id":"1","type":"user","attributes":{"name":"Samuel
        Cox","email":"samc1253@gmail.com","google_id":"110920554030325122207"}}]}'
  recorded_at: Sat, 18 Mar 2023 22:00:16 GMT
recorded_with: VCR 6.1.0
