---
http_interactions:
- request:
    method: get
    uri: http://localhost:5000/api/v1/users/110920554030325122207/shelves
    body:
      encoding: US-ASCII
      string: ''
    headers:
      Fern-Key:
      - "<FERN_KEY>"
      User-Agent:
      - Faraday v2.7.4
      Accept-Encoding:
      - gzip;q=1.0,deflate;q=0.6,identity;q=0.3
      Accept:
      - "*/*"
  response:
    status:
      code: 200
      message: OK
    headers:
      Content-Type:
      - application/json; charset=utf-8
      Etag:
      - W/"d3fea70f8dc41123c6e9e9b745e59126"
      Cache-Control:
      - max-age=0, private, must-revalidate
      X-Request-Id:
      - be16bca5-35fc-48ec-b982-9c99a634cac1
      X-Runtime:
      - '0.019371'
      Transfer-Encoding:
      - chunked
    body:
      encoding: UTF-8
      string: '{"data":[{"id":"1","type":"shelf","attributes":{"name":"Friends"},"relationships":{"user":{"data":{"id":"1","type":"user"}},"ferns":{"data":[{"id":"3","type":"fern"},{"id":"4","type":"fern"},{"id":"5","type":"fern"},{"id":"6","type":"fern"}]}}},{"id":"2","type":"shelf","attributes":{"name":"Family"},"relationships":{"user":{"data":{"id":"1","type":"user"}},"ferns":{"data":[{"id":"1","type":"fern"},{"id":"2","type":"fern"}]}}},{"id":"3","type":"shelf","attributes":{"name":"Romantic"},"relationships":{"user":{"data":{"id":"1","type":"user"}},"ferns":{"data":[]}}},{"id":"4","type":"shelf","attributes":{"name":"Business"},"relationships":{"user":{"data":{"id":"1","type":"user"}},"ferns":{"data":[{"id":"7","type":"fern"},{"id":"8","type":"fern"},{"id":"9","type":"fern"}]}}}],"included":[{"id":"3","type":"fern","attributes":{"name":"Austin","health":3,"preferred_contact_method":"email"},"relationships":{"shelf":{"data":{"id":"1","type":"shelf"}},"user":{"data":{"id":"1","type":"user"}},"interactions":{"data":[]}}},{"id":"4","type":"fern","attributes":{"name":"Kieffer","health":1,"preferred_contact_method":"text"},"relationships":{"shelf":{"data":{"id":"1","type":"shelf"}},"user":{"data":{"id":"1","type":"user"}},"interactions":{"data":[]}}},{"id":"5","type":"fern","attributes":{"name":"Roshan","health":5,"preferred_contact_method":"phone"},"relationships":{"shelf":{"data":{"id":"1","type":"shelf"}},"user":{"data":{"id":"1","type":"user"}},"interactions":{"data":[]}}},{"id":"6","type":"fern","attributes":{"name":"Nate","health":6,"preferred_contact_method":"email"},"relationships":{"shelf":{"data":{"id":"1","type":"shelf"}},"user":{"data":{"id":"1","type":"user"}},"interactions":{"data":[]}}},{"id":"1","type":"fern","attributes":{"name":"Erin","health":10,"preferred_contact_method":"text"},"relationships":{"shelf":{"data":{"id":"2","type":"shelf"}},"user":{"data":{"id":"1","type":"user"}},"interactions":{"data":[{"id":"3","type":"interaction"},{"id":"2","type":"interaction"}]}}},{"id":"2","type":"fern","attributes":{"name":"Brian","health":2,"preferred_contact_method":"phone"},"relationships":{"shelf":{"data":{"id":"2","type":"shelf"}},"user":{"data":{"id":"1","type":"user"}},"interactions":{"data":[]}}},{"id":"7","type":"fern","attributes":{"name":"Anthony","health":7,"preferred_contact_method":"text"},"relationships":{"shelf":{"data":{"id":"4","type":"shelf"}},"user":{"data":{"id":"1","type":"user"}},"interactions":{"data":[]}}},{"id":"8","type":"fern","attributes":{"name":"Drew","health":8,"preferred_contact_method":"phone"},"relationships":{"shelf":{"data":{"id":"4","type":"shelf"}},"user":{"data":{"id":"1","type":"user"}},"interactions":{"data":[]}}},{"id":"9","type":"fern","attributes":{"name":"Brady","health":9,"preferred_contact_method":"email"},"relationships":{"shelf":{"data":{"id":"4","type":"shelf"}},"user":{"data":{"id":"1","type":"user"}},"interactions":{"data":[{"id":"1","type":"interaction"}]}}}]}'
  recorded_at: Sun, 19 Mar 2023 19:01:54 GMT
- request:
    method: post
    uri: http://localhost:5000/api/v1/users/110920554030325122207/ferns
    body:
      encoding: UTF-8
      string: name=Drew&preferred_contact_method=Carrier+Pigeon&shelf=Friends
    headers:
      Fern-Key:
      - "<FERN_KEY>"
      User-Agent:
      - Faraday v2.7.4
      Content-Type:
      - application/x-www-form-urlencoded
      Accept-Encoding:
      - gzip;q=1.0,deflate;q=0.6,identity;q=0.3
      Accept:
      - "*/*"
  response:
    status:
      code: 201
      message: Created
    headers:
      Content-Type:
      - application/json; charset=utf-8
      Etag:
      - W/"3216d725e4953196be87372d1b27e647"
      Cache-Control:
      - max-age=0, private, must-revalidate
      X-Request-Id:
      - dcd9a56e-5c0d-4dd6-a86f-10f2fcff75e0
      X-Runtime:
      - '0.011655'
      Transfer-Encoding:
      - chunked
    body:
      encoding: UTF-8
      string: '{"data":{"id":"10","type":"fern","attributes":{"name":"Drew","health":7,"preferred_contact_method":"Carrier
        Pigeon"},"relationships":{"shelf":{"data":{"id":"1","type":"shelf"}},"user":{"data":{"id":"1","type":"user"}},"interactions":{"data":[]}}}}'
  recorded_at: Sun, 19 Mar 2023 19:01:54 GMT
- request:
    method: get
    uri: http://localhost:5000/api/v1/users/110920554030325122207/shelves
    body:
      encoding: US-ASCII
      string: ''
    headers:
      Fern-Key:
      - "<FERN_KEY>"
      User-Agent:
      - Faraday v2.7.4
      Accept-Encoding:
      - gzip;q=1.0,deflate;q=0.6,identity;q=0.3
      Accept:
      - "*/*"
  response:
    status:
      code: 200
      message: OK
    headers:
      Content-Type:
      - application/json; charset=utf-8
      Etag:
      - W/"662acbb631610eb969f0b0b3967dc149"
      Cache-Control:
      - max-age=0, private, must-revalidate
      X-Request-Id:
      - a3253c55-6f33-48a6-b1f2-ca1e832ecef8
      X-Runtime:
      - '0.031892'
      Transfer-Encoding:
      - chunked
    body:
      encoding: UTF-8
      string: '{"data":[{"id":"1","type":"shelf","attributes":{"name":"Friends"},"relationships":{"user":{"data":{"id":"1","type":"user"}},"ferns":{"data":[{"id":"3","type":"fern"},{"id":"4","type":"fern"},{"id":"5","type":"fern"},{"id":"6","type":"fern"},{"id":"10","type":"fern"}]}}},{"id":"2","type":"shelf","attributes":{"name":"Family"},"relationships":{"user":{"data":{"id":"1","type":"user"}},"ferns":{"data":[{"id":"1","type":"fern"},{"id":"2","type":"fern"}]}}},{"id":"3","type":"shelf","attributes":{"name":"Romantic"},"relationships":{"user":{"data":{"id":"1","type":"user"}},"ferns":{"data":[]}}},{"id":"4","type":"shelf","attributes":{"name":"Business"},"relationships":{"user":{"data":{"id":"1","type":"user"}},"ferns":{"data":[{"id":"7","type":"fern"},{"id":"8","type":"fern"},{"id":"9","type":"fern"}]}}}],"included":[{"id":"3","type":"fern","attributes":{"name":"Austin","health":3,"preferred_contact_method":"email"},"relationships":{"shelf":{"data":{"id":"1","type":"shelf"}},"user":{"data":{"id":"1","type":"user"}},"interactions":{"data":[]}}},{"id":"4","type":"fern","attributes":{"name":"Kieffer","health":1,"preferred_contact_method":"text"},"relationships":{"shelf":{"data":{"id":"1","type":"shelf"}},"user":{"data":{"id":"1","type":"user"}},"interactions":{"data":[]}}},{"id":"5","type":"fern","attributes":{"name":"Roshan","health":5,"preferred_contact_method":"phone"},"relationships":{"shelf":{"data":{"id":"1","type":"shelf"}},"user":{"data":{"id":"1","type":"user"}},"interactions":{"data":[]}}},{"id":"6","type":"fern","attributes":{"name":"Nate","health":6,"preferred_contact_method":"email"},"relationships":{"shelf":{"data":{"id":"1","type":"shelf"}},"user":{"data":{"id":"1","type":"user"}},"interactions":{"data":[]}}},{"id":"10","type":"fern","attributes":{"name":"Drew","health":7,"preferred_contact_method":"Carrier
        Pigeon"},"relationships":{"shelf":{"data":{"id":"1","type":"shelf"}},"user":{"data":{"id":"1","type":"user"}},"interactions":{"data":[]}}},{"id":"1","type":"fern","attributes":{"name":"Erin","health":10,"preferred_contact_method":"text"},"relationships":{"shelf":{"data":{"id":"2","type":"shelf"}},"user":{"data":{"id":"1","type":"user"}},"interactions":{"data":[{"id":"3","type":"interaction"},{"id":"2","type":"interaction"}]}}},{"id":"2","type":"fern","attributes":{"name":"Brian","health":2,"preferred_contact_method":"phone"},"relationships":{"shelf":{"data":{"id":"2","type":"shelf"}},"user":{"data":{"id":"1","type":"user"}},"interactions":{"data":[]}}},{"id":"7","type":"fern","attributes":{"name":"Anthony","health":7,"preferred_contact_method":"text"},"relationships":{"shelf":{"data":{"id":"4","type":"shelf"}},"user":{"data":{"id":"1","type":"user"}},"interactions":{"data":[]}}},{"id":"8","type":"fern","attributes":{"name":"Drew","health":8,"preferred_contact_method":"phone"},"relationships":{"shelf":{"data":{"id":"4","type":"shelf"}},"user":{"data":{"id":"1","type":"user"}},"interactions":{"data":[]}}},{"id":"9","type":"fern","attributes":{"name":"Brady","health":9,"preferred_contact_method":"email"},"relationships":{"shelf":{"data":{"id":"4","type":"shelf"}},"user":{"data":{"id":"1","type":"user"}},"interactions":{"data":[{"id":"1","type":"interaction"}]}}}]}'
  recorded_at: Sun, 19 Mar 2023 19:01:54 GMT
recorded_with: VCR 6.1.0
